This is XeTeX, Version 3.141592653-2.6-0.999997 (TeX Live 2025) (preloaded format=xelatex 2025.3.8)  18 NOV 2025 00:28
entering extended mode
 restricted \write18 enabled.
 %&-line parsing enabled.
**resume-ats-black.tex
(./resume-ats-black.tex
LaTeX2e <2024-11-01> patch level 2
L3 programming layer <2025-01-18>
(./resume-ats.tex
(/usr/local/texlive/2025/texmf-dist/tex/latex/base/article.cls
Document Class: article 2024/06/29 v1.4n Standard LaTeX document class
(/usr/local/texlive/2025/texmf-dist/tex/latex/base/size10.clo
File: size10.clo 2024/06/29 v1.4n Standard LaTeX file (size option)
)
\c@part=\count192
\c@section=\count193
\c@subsection=\count194
\c@subsubsection=\count195
\c@paragraph=\count196
\c@subparagraph=\count197
\c@figure=\count198
\c@table=\count199
\abovecaptionskip=\skip49
\belowcaptionskip=\skip50
\bibindent=\dimen141
)
(/usr/local/texlive/2025/texmf-dist/tex/latex/geometry/geometry.sty
Package: geometry 2020/01/02 v5.9 Page Geometry

(/usr/local/texlive/2025/texmf-dist/tex/latex/graphics/keyval.sty
Package: keyval 2022/05/29 v1.15 key=value parser (DPC)
\KV@toks@=\toks17
)
(/usr/local/texlive/2025/texmf-dist/tex/generic/iftex/ifvtex.sty
Package: ifvtex 2019/10/25 v1.7 ifvtex legacy package. Use iftex instead.

(/usr/local/texlive/2025/texmf-dist/tex/generic/iftex/iftex.sty
Package: iftex 2024/12/12 v1.0g TeX engine tests
))
\Gm@cnth=\count266
\Gm@cntv=\count267
\c@Gm@tempcnt=\count268
\Gm@bindingoffset=\dimen142
\Gm@wd@mp=\dimen143
\Gm@odd@mp=\dimen144
\Gm@even@mp=\dimen145
\Gm@layoutwidth=\dimen146
\Gm@layoutheight=\dimen147
\Gm@layouthoffset=\dimen148
\Gm@layoutvoffset=\dimen149
\Gm@dimlist=\toks18
)
(/usr/local/texlive/2025/texmf-dist/tex/latex/base/fontenc.sty
Package: fontenc 2021/04/29 v2.0v Standard LaTeX package
LaTeX Font Info:    Trying to load font information for T1+lmr on input line 11
6.

(/usr/local/texlive/2025/texmf-dist/tex/latex/lm/t1lmr.fd
File: t1lmr.fd 2015/05/01 v1.6.1 Font defs for Latin Modern
))
(/usr/local/texlive/2025/texmf-dist/tex/latex/lm/lmodern.sty
Package: lmodern 2015/05/01 v1.6.1 Latin Modern Fonts
LaTeX Font Info:    Overwriting symbol font `operators' in version `normal'
(Font)                  OT1/cmr/m/n --> OT1/lmr/m/n on input line 22.
LaTeX Font Info:    Overwriting symbol font `letters' in version `normal'
(Font)                  OML/cmm/m/it --> OML/lmm/m/it on input line 23.
LaTeX Font Info:    Overwriting symbol font `symbols' in version `normal'
(Font)                  OMS/cmsy/m/n --> OMS/lmsy/m/n on input line 24.
LaTeX Font Info:    Overwriting symbol font `largesymbols' in version `normal'
(Font)                  OMX/cmex/m/n --> OMX/lmex/m/n on input line 25.
LaTeX Font Info:    Overwriting symbol font `operators' in version `bold'
(Font)                  OT1/cmr/bx/n --> OT1/lmr/bx/n on input line 26.
LaTeX Font Info:    Overwriting symbol font `letters' in version `bold'
(Font)                  OML/cmm/b/it --> OML/lmm/b/it on input line 27.
LaTeX Font Info:    Overwriting symbol font `symbols' in version `bold'
(Font)                  OMS/cmsy/b/n --> OMS/lmsy/b/n on input line 28.
LaTeX Font Info:    Overwriting symbol font `largesymbols' in version `bold'
(Font)                  OMX/cmex/m/n --> OMX/lmex/m/n on input line 29.
LaTeX Font Info:    Overwriting math alphabet `\mathbf' in version `normal'
(Font)                  OT1/cmr/bx/n --> OT1/lmr/bx/n on input line 31.
LaTeX Font Info:    Overwriting math alphabet `\mathsf' in version `normal'
(Font)                  OT1/cmss/m/n --> OT1/lmss/m/n on input line 32.
LaTeX Font Info:    Overwriting math alphabet `\mathit' in version `normal'
(Font)                  OT1/cmr/m/it --> OT1/lmr/m/it on input line 33.
LaTeX Font Info:    Overwriting math alphabet `\mathtt' in version `normal'
(Font)                  OT1/cmtt/m/n --> OT1/lmtt/m/n on input line 34.
LaTeX Font Info:    Overwriting math alphabet `\mathbf' in version `bold'
(Font)                  OT1/cmr/bx/n --> OT1/lmr/bx/n on input line 35.
LaTeX Font Info:    Overwriting math alphabet `\mathsf' in version `bold'
(Font)                  OT1/cmss/bx/n --> OT1/lmss/bx/n on input line 36.
LaTeX Font Info:    Overwriting math alphabet `\mathit' in version `bold'
(Font)                  OT1/cmr/bx/it --> OT1/lmr/bx/it on input line 37.
LaTeX Font Info:    Overwriting math alphabet `\mathtt' in version `bold'
(Font)                  OT1/cmtt/m/n --> OT1/lmtt/m/n on input line 38.
)
(/usr/local/texlive/2025/texmf-dist/tex/latex/enumitem/enumitem.sty
Package: enumitem 2025/02/06 v3.11 Customized lists
\labelindent=\skip51
\enit@outerparindent=\dimen150
\enit@toks=\toks19
\enit@inbox=\box52
\enit@count@id=\count269
\enitdp@description=\count270
)
(/usr/local/texlive/2025/texmf-dist/tex/latex/hyperref/hyperref.sty
Package: hyperref 2024-11-05 v7.01l Hypertext links for LaTeX

(/usr/local/texlive/2025/texmf-dist/tex/latex/kvsetkeys/kvsetkeys.sty
Package: kvsetkeys 2022-10-05 v1.19 Key value parser (HO)
)
(/usr/local/texlive/2025/texmf-dist/tex/generic/kvdefinekeys/kvdefinekeys.sty
Package: kvdefinekeys 2019-12-19 v1.6 Define keys (HO)
)
(/usr/local/texlive/2025/texmf-dist/tex/generic/pdfescape/pdfescape.sty
Package: pdfescape 2019/12/09 v1.15 Implements pdfTeX's escape features (HO)

(/usr/local/texlive/2025/texmf-dist/tex/generic/ltxcmds/ltxcmds.sty
Package: ltxcmds 2023-12-04 v1.26 LaTeX kernel commands for general use (HO)
)
(/usr/local/texlive/2025/texmf-dist/tex/generic/pdftexcmds/pdftexcmds.sty
Package: pdftexcmds 2020-06-27 v0.33 Utility functions of pdfTeX for LuaTeX (HO
)

(/usr/local/texlive/2025/texmf-dist/tex/generic/infwarerr/infwarerr.sty
Package: infwarerr 2019/12/03 v1.5 Providing info/warning/error messages (HO)
)
Package pdftexcmds Info: \pdf@primitive is available.
Package pdftexcmds Info: \pdf@ifprimitive is available.
Package pdftexcmds Info: \pdfdraftmode not found.
))
(/usr/local/texlive/2025/texmf-dist/tex/latex/hycolor/hycolor.sty
Package: hycolor 2020-01-27 v1.10 Color options for hyperref/bookmark (HO)
)
(/usr/local/texlive/2025/texmf-dist/tex/latex/hyperref/nameref.sty
Package: nameref 2023-11-26 v2.56 Cross-referencing by name of section

(/usr/local/texlive/2025/texmf-dist/tex/latex/refcount/refcount.sty
Package: refcount 2019/12/15 v3.6 Data extraction from label references (HO)
)
(/usr/local/texlive/2025/texmf-dist/tex/generic/gettitlestring/gettitlestring.s
ty
Package: gettitlestring 2019/12/15 v1.6 Cleanup title references (HO)
 (/usr/local/texlive/2025/texmf-dist/tex/latex/kvoptions/kvoptions.sty
Package: kvoptions 2022-06-15 v3.15 Key value format for package options (HO)
))
\c@section@level=\count271
)
(/usr/local/texlive/2025/texmf-dist/tex/latex/etoolbox/etoolbox.sty
Package: etoolbox 2025/02/11 v2.5l e-TeX tools for LaTeX (JAW)
\etb@tempcnta=\count272
)
(/usr/local/texlive/2025/texmf-dist/tex/generic/stringenc/stringenc.sty
Package: stringenc 2019/11/29 v1.12 Convert strings between diff. encodings (HO
)
)
\@linkdim=\dimen151
\Hy@linkcounter=\count273
\Hy@pagecounter=\count274

(/usr/local/texlive/2025/texmf-dist/tex/latex/hyperref/pd1enc.def
File: pd1enc.def 2024-11-05 v7.01l Hyperref: PDFDocEncoding definition (HO)
)
(/usr/local/texlive/2025/texmf-dist/tex/generic/intcalc/intcalc.sty
Package: intcalc 2019/12/15 v1.3 Expandable calculations with integers (HO)
)
\Hy@SavedSpaceFactor=\count275

(/usr/local/texlive/2025/texmf-dist/tex/latex/hyperref/puenc.def
File: puenc.def 2024-11-05 v7.01l Hyperref: PDF Unicode definition (HO)
)
Package hyperref Info: Hyper figures OFF on input line 4157.
Package hyperref Info: Link nesting OFF on input line 4162.
Package hyperref Info: Hyper index ON on input line 4165.
Package hyperref Info: Plain pages OFF on input line 4172.
Package hyperref Info: Backreferencing OFF on input line 4177.
Package hyperref Info: Implicit mode ON; LaTeX internals redefined.
Package hyperref Info: Bookmarks ON on input line 4424.
\c@Hy@tempcnt=\count276

(/usr/local/texlive/2025/texmf-dist/tex/latex/url/url.sty
\Urlmuskip=\muskip17
Package: url 2013/09/16  ver 3.4  Verb mode for urls, etc.
)
LaTeX Info: Redefining \url on input line 4763.
\XeTeXLinkMargin=\dimen152

(/usr/local/texlive/2025/texmf-dist/tex/generic/bitset/bitset.sty
Package: bitset 2019/12/09 v1.3 Handle bit-vector datatype (HO)

(/usr/local/texlive/2025/texmf-dist/tex/generic/bigintcalc/bigintcalc.sty
Package: bigintcalc 2019/12/15 v1.5 Expandable calculations on big integers (HO
)
))
\Fld@menulength=\count277
\Field@Width=\dimen153
\Fld@charsize=\dimen154
Package hyperref Info: Hyper figures OFF on input line 6042.
Package hyperref Info: Link nesting OFF on input line 6047.
Package hyperref Info: Hyper index ON on input line 6050.
Package hyperref Info: backreferencing OFF on input line 6057.
Package hyperref Info: Link coloring OFF on input line 6062.
Package hyperref Info: Link coloring with OCG OFF on input line 6067.
Package hyperref Info: PDF/A mode OFF on input line 6072.

(/usr/local/texlive/2025/texmf-dist/tex/latex/base/atbegshi-ltx.sty
Package: atbegshi-ltx 2021/01/10 v1.0c Emulation of the original atbegshi
package with kernel methods
)
\Hy@abspage=\count278
\c@Item=\count279
\c@Hfootnote=\count280
)
Package hyperref Info: Driver (autodetected): hxetex.

(/usr/local/texlive/2025/texmf-dist/tex/latex/hyperref/hxetex.def
File: hxetex.def 2024-11-05 v7.01l Hyperref driver for XeTeX
\pdfm@box=\box53
\c@Hy@AnnotLevel=\count281
\HyField@AnnotCount=\count282
\Fld@listcount=\count283
\c@bookmark@seq@number=\count284

(/usr/local/texlive/2025/texmf-dist/tex/latex/rerunfilecheck/rerunfilecheck.sty
Package: rerunfilecheck 2022-07-10 v1.10 Rerun checks for auxiliary files (HO)
(/usr/local/texlive/2025/texmf-dist/tex/latex/base/atveryend-ltx.sty
Package: atveryend-ltx 2020/08/19 v1.0a Emulation of the original atveryend pac
kage
with kernel methods
)
(/usr/local/texlive/2025/texmf-dist/tex/generic/uniquecounter/uniquecounter.sty
Package: uniquecounter 2019/12/15 v1.4 Provide unlimited unique counter (HO)
)
Package uniquecounter Info: New unique counter `rerunfilecheck' on input line 2
85.
)
\Hy@SectionHShift=\skip52
) (/usr/local/texlive/2025/texmf-dist/tex/latex/titlesec/titlesec.sty
Package: titlesec 2025/01/04 v2.17 Sectioning titles
\ttl@box=\box54
\beforetitleunit=\skip53
\aftertitleunit=\skip54
\ttl@plus=\dimen155
\ttl@minus=\dimen156
\ttl@toksa=\toks20
\titlewidth=\dimen157
\titlewidthlast=\dimen158
\titlewidthfirst=\dimen159
)
(/usr/local/texlive/2025/texmf-dist/tex/latex/xcolor/xcolor.sty
Package: xcolor 2024/09/29 v3.02 LaTeX color extensions (UK)

(/usr/local/texlive/2025/texmf-dist/tex/latex/graphics-cfg/color.cfg
File: color.cfg 2016/01/02 v1.6 sample color configuration
)
Package xcolor Info: Driver file: xetex.def on input line 274.

(/usr/local/texlive/2025/texmf-dist/tex/latex/graphics-def/xetex.def
File: xetex.def 2022/09/22 v5.0n Graphics/color driver for xetex
)
(/usr/local/texlive/2025/texmf-dist/tex/latex/graphics/mathcolor.ltx)
Package xcolor Info: Model `cmy' substituted by `cmy0' on input line 1349.
Package xcolor Info: Model `RGB' extended on input line 1365.
Package xcolor Info: Model `HTML' substituted by `rgb' on input line 1367.
Package xcolor Info: Model `Hsb' substituted by `hsb' on input line 1368.
Package xcolor Info: Model `tHsb' substituted by `hsb' on input line 1369.
Package xcolor Info: Model `HSB' substituted by `hsb' on input line 1370.
Package xcolor Info: Model `Gray' substituted by `gray' on input line 1371.
Package xcolor Info: Model `wave' substituted by `hsb' on input line 1372.
)
(/usr/local/texlive/2025/texmf-dist/tex/latex/textpos/textpos.sty
Package: textpos 2022/07/23 v1.10.1
Package textpos Info: choosing support for LaTeX3 on input line 60.
\TP@textbox=\box55
\TP@holdbox=\box56
\TPHorizModule=\dimen160
\TPVertModule=\dimen161
\TP@margin=\dimen162
\TP@absmargin=\dimen163

Grid set 16 x 16 = 38.39343pt x 49.68562pt
\TPboxrulesize=\dimen164
\TP@ox=\dimen165
\TP@oy=\dimen166
\TP@tbargs=\toks21
TextBlockOrigin set to 0pt x 0pt
) (/usr/local/texlive/2025/texmf-dist/tex/latex/pagecolor/pagecolor.sty
Package: pagecolor 2025-01-28 v1.2d Provides thepagecolor (HMM)
)
(/usr/local/texlive/2025/texmf-dist/tex/latex/hyphenat/hyphenat.sty
Package: hyphenat 2009/09/02 v2.3c hyphenation utilities
\langwohyphens=\language90
LaTeX Info: Redefining \_ on input line 43.
)
(/usr/local/texlive/2025/texmf-dist/tex/latex/l3backend/l3backend-xetex.def
File: l3backend-xetex.def 2024-05-08 L3 backend support: XeTeX
\g__graphics_track_int=\count285
\l__pdf_internal_box=\box57
\g__pdf_backend_annotation_int=\count286
\g__pdf_backend_link_int=\count287
)
(./resume-ats-black.aux)
\openout1 = `resume-ats-black.aux'.

LaTeX Font Info:    Checking defaults for OML/cmm/m/it on input line 84.
LaTeX Font Info:    ... okay on input line 84.
LaTeX Font Info:    Checking defaults for OMS/cmsy/m/n on input line 84.
LaTeX Font Info:    ... okay on input line 84.
LaTeX Font Info:    Checking defaults for OT1/cmr/m/n on input line 84.
LaTeX Font Info:    ... okay on input line 84.
LaTeX Font Info:    Checking defaults for T1/cmr/m/n on input line 84.
LaTeX Font Info:    ... okay on input line 84.
LaTeX Font Info:    Checking defaults for TS1/cmr/m/n on input line 84.
LaTeX Font Info:    ... okay on input line 84.
LaTeX Font Info:    Checking defaults for TU/lmr/m/n on input line 84.
LaTeX Font Info:    ... okay on input line 84.
LaTeX Font Info:    Checking defaults for OMX/cmex/m/n on input line 84.
LaTeX Font Info:    ... okay on input line 84.
LaTeX Font Info:    Checking defaults for U/cmr/m/n on input line 84.
LaTeX Font Info:    ... okay on input line 84.
LaTeX Font Info:    Checking defaults for PD1/pdf/m/n on input line 84.
LaTeX Font Info:    ... okay on input line 84.
LaTeX Font Info:    Checking defaults for PU/pdf/m/n on input line 84.
LaTeX Font Info:    ... okay on input line 84.

*geometry* driver: auto-detecting
*geometry* detected driver: xetex
*geometry* verbose mode - [ preamble ] result:
* driver: xetex
* paper: <default>
* layout: <same size as paper>
* layoutoffset:(h,v)=(0.0pt,0.0pt)
* modes: 
* h-part:(L,W,R)=(43.36243pt, 527.57014pt, 43.36243pt)
* v-part:(T,H,B)=(43.36243pt, 708.24513pt, 43.36243pt)
* \paperwidth=614.295pt
* \paperheight=794.96999pt
* \textwidth=527.57014pt
* \textheight=708.24513pt
* \oddsidemargin=-28.90756pt
* \evensidemargin=-28.90756pt
* \topmargin=-65.90756pt
* \headheight=12.0pt
* \headsep=25.0pt
* \topskip=10.0pt
* \footskip=30.0pt
* \marginparwidth=65.0pt
* \marginparsep=11.0pt
* \columnsep=10.0pt
* \skip\footins=9.0pt plus 4.0pt minus 2.0pt
* \hoffset=0.0pt
* \voffset=0.0pt
* \mag=1000
* \@twocolumnfalse
* \@twosidefalse
* \@mparswitchfalse
* \@reversemarginfalse
* (1in=72.27pt=25.4mm, 1cm=28.453pt)

Package hyperref Info: Link coloring OFF on input line 84.
(./resume-ats-black.out) (./resume-ats-black.out)
\@outlinefile=\write3
\openout3 = `resume-ats-black.out'.

 (./keywords-left-ats.tex)
Overfull \hbox (7.57225pt too wide) in paragraph at lines 1--93
[]\T1/lmr/m/n/5 BigQuery; 
 []


Overfull \hbox (4.80772pt too wide) in paragraph at lines 1--93
\T1/lmr/m/n/5 colum-nar 
 []


Overfull \hbox (0.67606pt too wide) in paragraph at lines 1--93
\T1/lmr/m/n/5 stor-age; 
 []


Overfull \hbox (8.83429pt too wide) in paragraph at lines 1--93
\T1/lmr/m/n/5 Snowflake; 
 []


Overfull \hbox (9.73834pt too wide) in paragraph at lines 1--93
\T1/lmr/m/n/5 ware-house; 
 []


Overfull \hbox (2.93245pt too wide) in paragraph at lines 1--93
\T1/lmr/m/n/5 Trea-sure 
 []


Overfull \hbox (4.14763pt too wide) in paragraph at lines 1--93
\T1/lmr/m/n/5 cus-tomer 
 []


Overfull \hbox (4.91197pt too wide) in paragraph at lines 1--93
\T1/lmr/m/n/5 plat-form; 
 []


Overfull \hbox (18.55801pt too wide) in paragraph at lines 1--93
\T1/lmr/m/n/5 seg-men-ta-tion; 
 []


Overfull \hbox (6.30103pt too wide) in paragraph at lines 1--93
\T1/lmr/m/n/5 mod-el-ing; 
 []


Overfull \hbox (8.23138pt too wide) in paragraph at lines 1--93
\T1/lmr/m/n/5 Func-tions; 
 []


Overfull \hbox (2.20341pt too wide) in paragraph at lines 1--93
\T1/lmr/m/n/5 ser-vices; 
 []


Overfull \hbox (3.19678pt too wide) in paragraph at lines 1--93
\T1/lmr/m/n/5 Lambda; 
 []


Overfull \hbox (7.48111pt too wide) in paragraph at lines 1--93
\T1/lmr/m/n/5 server-less; 
 []


Overfull \hbox (16.09251pt too wide) in paragraph at lines 1--93
\T1/lmr/m/n/5 event-driven; 
 []


Overfull \hbox (14.6414pt too wide) in paragraph at lines 1--93
\T1/lmr/m/n/5 Post-greSQL; 
 []


Overfull \hbox (1.81482pt too wide) in paragraph at lines 1--93
\T1/lmr/m/n/5 MySQL; 
 []


Overfull \hbox (6.57925pt too wide) in paragraph at lines 1--93
\T1/lmr/m/n/5 an-a-lyt-i-cal 
 []


Overfull \hbox (0.93964pt too wide) in paragraph at lines 1--93
\T1/lmr/m/n/5 Python; 
 []


Overfull \hbox (13.21092pt too wide) in paragraph at lines 1--93
\T1/lmr/m/n/5 en-gi-neer-ing; 
 []


Overfull \hbox (1.57835pt too wide) in paragraph at lines 1--93
\T1/lmr/m/n/5 ma-chine 
 []


Overfull \hbox (3.34975pt too wide) in paragraph at lines 1--93
\T1/lmr/m/n/5 learn-ing; 
 []


Overfull \hbox (13.28047pt too wide) in paragraph at lines 1--93
\T1/lmr/m/n/5 au-toma-tion; 
 []


Overfull \hbox (6.30069pt too wide) in paragraph at lines 1--93
\T1/lmr/m/n/5 nu-mer-i-cal 
 []


Overfull \hbox (10.57173pt too wide) in paragraph at lines 1--93
\T1/lmr/m/n/5 com-put-ing; 
 []


Overfull \hbox (2.08527pt too wide) in paragraph at lines 1--93
\T1/lmr/m/n/5 Jupyter; 
 []


Overfull \hbox (14.25269pt too wide) in paragraph at lines 1--93
\T1/lmr/m/n/5 pro-to-typ-ing; 
 []


Overfull \hbox (0.88432pt too wide) in paragraph at lines 1--93
\T1/lmr/m/n/5 anal-y-sis 
 []


Overfull \hbox (9.39146pt too wide) in paragraph at lines 1--93
\T1/lmr/m/n/5 note-books; 
 []


Overfull \hbox (6.7524pt too wide) in paragraph at lines 1--93
\T1/lmr/m/n/5 sta-tis-ti-cal 
 []


Overfull \hbox (2.89833pt too wide) in paragraph at lines 1--93
\T1/lmr/m/n/5 anal-y-sis; 
 []


Overfull \hbox (6.09239pt too wide) in paragraph at lines 1--93
\T1/lmr/m/n/5 statis-tics; 
 []


Overfull \hbox (6.7524pt too wide) in paragraph at lines 1--93
\T1/lmr/m/n/5 sta-tis-ti-cal 
 []


Overfull \hbox (6.30103pt too wide) in paragraph at lines 1--93
\T1/lmr/m/n/5 mod-el-ing; 
 []


Overfull \hbox (19.07913pt too wide) in paragraph at lines 1--93
\T1/lmr/m/n/5 dash-board-ing; 
 []


Overfull \hbox (10.961pt too wide) in paragraph at lines 1--93
\T1/lmr/m/n/5 Mat-plotlib; 
 []


Overfull \hbox (17.10027pt too wide) in paragraph at lines 1--93
\T1/lmr/m/n/5 vi-su-al-iza-tion; 
 []


Overfull \hbox (7.13474pt too wide) in paragraph at lines 1--93
\T1/lmr/m/n/5 geospa-tial 
 []


Overfull \hbox (17.10027pt too wide) in paragraph at lines 1--93
\T1/lmr/m/n/5 vi-su-al-iza-tion; 
 []


Overfull \hbox (3.24535pt too wide) in paragraph at lines 1--93
\T1/lmr/m/n/5 Seaborn; 
 []


Overfull \hbox (6.7524pt too wide) in paragraph at lines 1--93
\T1/lmr/m/n/5 sta-tis-ti-cal 
 []


Overfull \hbox (3.00249pt too wide) in paragraph at lines 1--93
\T1/lmr/m/n/5 plot-ting; 
 []


Overfull \hbox (6.89055pt too wide) in paragraph at lines 1--93
\T1/lmr/m/n/5 em-bed-ded 
 []


Overfull \hbox (5.91925pt too wide) in paragraph at lines 1--93
\T1/lmr/m/n/5 an-a-lyt-ics; 
 []


Overfull \hbox (8.93982pt too wide) in paragraph at lines 1--93
\T1/lmr/m/n/5 in-ter-ac-tive 
 []


Overfull \hbox (12.65512pt too wide) in paragraph at lines 1--93
\T1/lmr/m/n/5 dash-boards; 
 []


Overfull \hbox (6.61293pt too wide) in paragraph at lines 1--93
\T1/lmr/m/n/5 en-ter-prise 
 []


Overfull \hbox (8.95396pt too wide) in paragraph at lines 1--93
\T1/lmr/m/n/5 Net-workX; 
 []


Overfull \hbox (10.88448pt too wide) in paragraph at lines 1--93
\T1/lmr/m/n/5 al-go-rithms; 
 []


Overfull \hbox (0.88396pt too wide) in paragraph at lines 1--93
\T1/lmr/m/n/5 net-work 
 []


Overfull \hbox (2.89833pt too wide) in paragraph at lines 1--93
\T1/lmr/m/n/5 anal-y-sis; 
 []


Overfull \hbox (8.21072pt too wide) in paragraph at lines 1--93
\T1/lmr/m/n/5 databases; 
 []


Overfull \hbox (0.8839pt too wide) in paragraph at lines 1--93
\T1/lmr/m/n/5 Cypher; 
 []


Overfull \hbox (2.7594pt too wide) in paragraph at lines 1--93
\T1/lmr/m/n/5 Sea-sonal 
 []


Overfull \hbox (13.3013pt too wide) in paragraph at lines 1--93
\T1/lmr/m/n/5 Fore-cast-ing; 
 []


Overfull \hbox (0.43239pt too wide) in paragraph at lines 1--93
\T1/lmr/m/n/5 de-mand 
 []


Overfull \hbox (11.68315pt too wide) in paragraph at lines 1--93
\T1/lmr/m/n/5 fore-cast-ing; 
 []


Overfull \hbox (10.10632pt too wide) in paragraph at lines 1--93
\T1/lmr/m/n/5 Para-met-ric 
 []


Overfull \hbox (1.19655pt too wide) in paragraph at lines 1--93
\T1/lmr/m/n/5 Test-ing; 
 []


Overfull \hbox (8.73122pt too wide) in paragraph at lines 1--93
\T1/lmr/m/n/5 hy-poth-e-sis 
 []


Overfull \hbox (6.75954pt too wide) in paragraph at lines 1--93
\T1/lmr/m/n/5 Mod-el-ing; 
 []


Overfull \hbox (15.25975pt too wide) in paragraph at lines 1--93
\T1/lmr/m/n/5 ap-pli-ca-tions; 
 []


Overfull \hbox (11.54395pt too wide) in paragraph at lines 1--93
\T1/lmr/m/n/5 multi-agent 
 []


Overfull \hbox (2.30722pt too wide) in paragraph at lines 1--93
\T1/lmr/m/n/5 sys-tems; 
 []


Overfull \hbox (3.07182pt too wide) in paragraph at lines 1--93
\T1/lmr/m/n/5 plan-ning 
 []

(./keywords-right-ats.tex)
Overfull \hbox (0.29402pt too wide) in paragraph at lines 1--93
\T1/lmr/m/n/5 Clar-ity; 
 []


Overfull \hbox (0.93964pt too wide) in paragraph at lines 1--93
\T1/lmr/m/n/5 Python; 
 []


Overfull \hbox (8.05733pt too wide) in paragraph at lines 1--93
\T1/lmr/m/n/5 En-ter-prise 
 []


Overfull \hbox (11.23848pt too wide) in paragraph at lines 1--93
\T1/lmr/m/n/5 Ware-house; 
 []


Overfull \hbox (9.29424pt too wide) in paragraph at lines 1--93
\T1/lmr/m/n/5 Health-care 
 []


Overfull \hbox (1.02264pt too wide) in paragraph at lines 1--93
\T1/lmr/m/n/5 met-rics; 
 []


Overfull \hbox (2.93245pt too wide) in paragraph at lines 1--93
\T1/lmr/m/n/5 Trea-sure 
 []


Overfull \hbox (3.4194pt too wide) in paragraph at lines 1--93
\T1/lmr/m/n/5 lan-guage 
 []


Overfull \hbox (14.63406pt too wide) in paragraph at lines 1--93
\T1/lmr/m/n/5 Sub-scrip-tion 
 []


Overfull \hbox (5.91925pt too wide) in paragraph at lines 1--93
\T1/lmr/m/n/5 an-a-lyt-ics; 
 []


Overfull \hbox (5.8837pt too wide) in paragraph at lines 1--93
\T1/lmr/m/n/5 Cus-tomer 
 []


Overfull \hbox (18.55801pt too wide) in paragraph at lines 1--93
\T1/lmr/m/n/5 seg-men-ta-tion; 
 []


Overfull \hbox (5.8837pt too wide) in paragraph at lines 1--93
\T1/lmr/m/n/5 Cus-tomer 
 []


Overfull \hbox (7.65497pt too wide) in paragraph at lines 1--93
\T1/lmr/m/n/5 plat-forms; 
 []


Overfull \hbox (7.62744pt too wide) in paragraph at lines 1--93
\T1/lmr/m/n/5 Mar-ket-ing 
 []


Overfull \hbox (13.28047pt too wide) in paragraph at lines 1--93
\T1/lmr/m/n/5 au-toma-tion; 
 []


Overfull \hbox (8.14148pt too wide) in paragraph at lines 1--93
\T1/lmr/m/n/5 mi-gra-tion; 
 []


Overfull \hbox (1.81482pt too wide) in paragraph at lines 1--93
\T1/lmr/m/n/5 MySQL; 
 []


Overfull \hbox (3.6826pt too wide) in paragraph at lines 1--93
\T1/lmr/m/n/5 Re-search 
 []


Overfull \hbox (5.91925pt too wide) in paragraph at lines 1--93
\T1/lmr/m/n/5 an-a-lyt-ics; 
 []


Overfull \hbox (6.1963pt too wide) in paragraph at lines 1--93
\T1/lmr/m/n/5 mea-sures; 
 []


Overfull \hbox (18.12721pt too wide) in paragraph at lines 1--93
\T1/lmr/m/n/5 Risk-adjusted 
 []


Overfull \hbox (1.02264pt too wide) in paragraph at lines 1--93
\T1/lmr/m/n/5 met-rics; 
 []


Overfull \hbox (9.29424pt too wide) in paragraph at lines 1--93
\T1/lmr/m/n/5 Health-care 
 []

(./keywords-bottom-ats.tex) (./header-ats.tex) (./education-inline-ats.tex
Missing character: There is no — ("2014) in font ec-lmr9!
) (./summary-ats.tex) (./experience-ats.tex)

[1

] (./resume-ats-black.aux)
 ***********
LaTeX2e <2024-11-01> patch level 2
L3 programming layer <2025-01-18>
 ***********
Package rerunfilecheck Info: File `resume-ats-black.out' has not changed.
(rerunfilecheck)             Checksum: D41D8CD98F00B204E9800998ECF8427E;0.
 ) ) 
Here is how much of TeX's memory you used:
 9852 strings out of 473832
 153569 string characters out of 5729482
 588381 words of memory out of 5000000
 32807 multiletter control sequences out of 15000+600000
 581793 words of font info for 46 fonts, out of 8000000 for 9000
 1348 hyphenation exceptions out of 8191
 77i,5n,82p,1461b,323s stack positions out of 10000i,1000n,20000p,200000b,200000s

Output written on resume-ats-black.xdv (1 page, 10428 bytes).
